192.168.0.2,systemd[1]: Started Session 218 of user192.168.0.2,192.168.0.2,192.168.0.2,
systemd[1]: Started Session 218 of user192.168.4.2,192.168.0.2,systemd[1]: Started Session 218 of user192.168.0.2,
192.168.0.5,
192.168.0.5,0.0.0.0,systemd[1]: Started Session 218 of user